<html>
<body>
<pre>
<h1>礦ision Build Log</h1>
<h2>Project:</h2>
E:\caiwei.lin\github\BK5863N_SDK\Pro.uvproj
Project File Date:  05/30/2019

<h2>Output:</h2>
Build target 'obu_full_code'
linking...
Program Size: Code=90476 RO-data=4100 RW-data=232 ZI-data=7352  
FromELF: creating hex file...
After Build - User command #1: .\Build\tool\full_code_translate.bat
E:\caiwei.lin\github\BK5863N_SDK>del .\Build\Output\Bk5863N.bin 
E:\caiwei.lin\github\BK5863N_SDK>del .\Build\Output\Bk5863N_crc.bin 
E:\caiwei.lin\github\BK5863N_SDK>C:\Keil\ARM\ARMCC\bin\fromelf.exe  .\Build\Output\Bk5863N.axf   --output .\Build\Output\Bk5863N.bin --bin 
E:\caiwei.lin\github\BK5863N_SDK>.\Build\tool\bk5863n_encrypt.exe .\Build\Output\Bk5863N.bin 00000000 00000000 00000000 00000000 
bk5863N & bk5870 calc _crc.bin
 Encrypt Seccessfully! -FileSize: 0x18986
E:\caiwei.lin\github\BK5863N_SDK>copy .\Build\Output\Bk5863N.bin .\Build\Bk5863N.bin 
已复制         1 个文件。
E:\caiwei.lin\github\BK5863N_SDK>copy .\Build\Output\Bk5863N_crc.bin .\Build\Bk5863N_crc.bin 
已复制         1 个文件。
E:\caiwei.lin\github\BK5863N_SDK>copy .\Build\Output\Bk5863N.axf .\Build\Bk5863N.axf 
已复制         1 个文件。
".\Build\Output\Bk5863N.axf" - 0 Error(s), 0 Warning(s).
r(s), 0 Warning(s).
(s).
ed character escape sequence
        printf("%s,%d dsrc_link_reset\r\ ",__FUNCTION__,__LINE__);
ls_beken\app\dsrc_app\dsrc_app.c(426): warning:  #940-D: missing return statement at end of non-void function "dsrc_app_event_report"
  }
ls_beken\app\dsrc_app\dsrc_app.c(395): warning:  #550-D: variable "did" was set but never used
        unsigned char did;
ls_beken\app\dsrc_app\dsrc_app.c(396): warning:  #550-D: variable "EventType" was set but never used
        unsigned char EventType;
ls_beken\app\dsrc_app\dsrc_app.c(402): warning:  #550-D: variable "param" was set but never used
        }param;
ls_beken\app\dsrc_app\dsrc_app.c(444): warning:  #192-D: unrecognized character escape sequence
                printf("%s,%d dsrc_link_reset\r\ ",__FUNCTION__,__LINE__);
ls_beken\app\dsrc_app\dsrc_app.c: 10 warnings, 0 errors
compiling dsrc_app_intf.c...
compiling dsrc_app_item1.c...
ls_beken\app\dsrc_app\dsrc_app_item1.c(66): warning:  #223-D: function "dsrc_app_action_response_89H_make" declared implicitly
        ret = dsrc_app_action_response_89H_make(ef03_len,ef03_offset);
ls_beken\app\dsrc_app\dsrc_app_item1.c(12): warning:  #177-D: variable "idx" was declared but never referenced
        unsigned char idx;
ls_beken\app\dsrc_app\dsrc_app_item1.c(82): warning:  #223-D: function "dsrc_mac_add_head" declared implicitly
        dsrc_mac_add_head(DSRC_VERSION,msg,126,0,3,1);
ls_beken\app\dsrc_app\dsrc_app_item1.c(84): warning:  #223-D: function "dsrc_llc_add_head" declared implicitly
        ret = dsrc_llc_add_head(DSRC_VERSION,msg,126,offset,3,0x00);
ls_beken\app\dsrc_app\dsrc_app_item1.c(92): warning:  #167-D: argument of type "char *" is incompatible with parameter of type "unsigned char *"
        ret = dsrc_msg_add_period_head(DSRC_VERSION,msg,126,offset,0x02);
ls_beken\app\dsrc_app\dsrc_app_item1.c(104): warning:  #223-D: function "bk_rsu_obu_m_step2" declared implicitly
        ret = bk_rsu_obu_m_step2(&msg[offset + 4],ef03_len);
ls_beken\app\dsrc_app\dsrc_app_item1.c(125): warning:  #223-D: function "sdrc_msg_output" declared implicitly
        sdrc_msg_output((unsigned char*)msg,len);
ls_beken\app\dsrc_app\dsrc_app_item1.c(155): warning:  #223-D: function "dsrc_app_action_response_91H_make" declared implicitly
        ret = dsrc_app_action_response_91H_make(block,rd_len);
ls_beken\app\dsrc_app\dsrc_app_item1.c(138): warning:  #177-D: variable "idx" was declared but never referenced
        unsigned char idx;
ls_beken\app\dsrc_app\dsrc_app_item1.c(170): warning:  #223-D: function "dsrc_mac_add_head" declared implicitly
        dsrc_mac_add_head(DSRC_VERSION,msg,126,0,3,1);
ls_beken\app\dsrc_app\dsrc_app_item1.c(172): warning:  #223-D: function "dsrc_llc_add_head" declared implicitly
        ret = dsrc_llc_add_head(DSRC_VERSION,msg,126,offset,3,0x00);
ls_beken\app\dsrc_app\dsrc_app_item1.c(180): warning:  #167-D: argument of type "char *" is incompatible with parameter of type "unsigned char *"
        ret = dsrc_msg_add_period_head(DSRC_VERSION,msg,126,offset,0x02);
ls_beken\app\dsrc_app\dsrc_app_item1.c(192): warning:  #167-D: argument of type "char *" is incompatible with parameter of type "unsigned char *"
        ret = bk_rsu_obu_icc_read(block,&msg[offset + 4],rd_len);
ls_beken\app\dsrc_app\dsrc_app_item1.c(214): warning:  #223-D: function "sdrc_msg_output" declared implicitly
        sdrc_msg_output((unsigned char*)msg,len);
ls_beken\app\dsrc_app\dsrc_app_item1.c: 14 warnings, 0 errors
compiling esam_app.c...
compiling icc_app.c...
compiling icc_m1.c...
compiling su_cli.c...
compiling su_cli_intf.c...
compiling su_hex_core.c...
compiling su_str_core.c...
compiling sl_esam.c...
compiling sl_des.c...
compiling sw_des_test.c...
compiling sw_des.c...
compiling fake_clock.c...
compiling dsrc_mac.c...
compiling dsrc.c...
compiling dsrc_llc.c...
ls_beken\func\dsrc\dsrc_llc.c(121): warning:  #111-D: statement is unreachable
        return 0;
ls_beken\func\dsrc\dsrc_llc.c(91): warning:  #177-D: variable "mac_control" was declared but never referenced
        unsigned char mac_control;
ls_beken\func\dsrc\dsrc_llc.c: 2 warnings, 0 errors
compiling dsrc_lsdu.c...
compiling dsrc_intf.c...
ls_beken\func\dsrc\dsrc_intf.c(34): warning:  #111-D: statement is unreachable
        return 0;
ls_beken\func\dsrc\dsrc_intf.c: 1 warning, 0 errors
compiling isoiec7816.c...
compiling isoiec7816_intf.c...
compiling main.c...
compiling target.c...
compiling BK5863_it.c...
compiling UART_Config.c...
compiling mmgmt.c...
compiling BKTestAPP.c...
compiling BKTestD.c...
User\Test\BKTestD.c(130): warning:  #223-D: function "bk_rsu_obu_m_step1" declared implicitly
              bk_rsu_obu_m_step1();
User\Test\BKTestD.c(137): warning:  #223-D: function "bk_rsu_obu_m_step2" declared implicitly
              bk_rsu_obu_m_step2(ucMsg, BK_ESAM_APP_TEST_BUF_DEPTH);
User\Test\BKTestD.c(143): warning:  #223-D: function "bk_rsu_obu_m_step3" declared implicitly
              bk_rsu_obu_m_step3();
User\Test\BKTestD.c: 3 warnings, 0 errors
compiling BK5824Test.c...
compiling BKCardTest.c...
compiling FlashConfig.c...
compiling BKDACTest.c...
compiling EEPROM.c...
compiling test.c...
compiling SysConfig.c...
compiling SPIConfig.c...
compiling IICconfig.c...
compiling BK5824Config.c...
compiling BK5824RegMem.c...
compiling ADCConfig.c...
compiling PWMConfig.c...
compiling DACConfig.c...
compiling TDesConfig.c...
compiling CardConfig.c...
compiling CRCconfig.c...
compiling GPIOConfig.c...
compiling UARTConfig.c...
compiling Sim7816.c...
compiling BKmem.c...
compiling SysSleep.c...
compiling SystemConfig.c...
compiling CPUCardConfig.c...
compiling SysTime.c...
compiling UART.c...
compiling BK5824D.c...
compiling SPI.c...
compiling misc.c...
compiling BK5863_GPIO.c...
compiling WDT.c...
compiling BKCard.c...
compiling IIC.c...
compiling ADC.c...
compiling DAC.c...
compiling TDes.c...
compiling Flash.c...
compiling Calibration.c...
compiling CRC.c...
compiling LBD.c...
compiling TIM.c...
compiling ClkOutput.c...
assembling Init.s...
assembling Vectors.s...
compiling ATEcalibration.c...
compiling ATE.c...
linking...
Program Size: Code=90476 RO-data=4100 RW-data=232 ZI-data=7352  
FromELF: creating hex file...
After Build - User command #1: .\Build\tool\full_code_translate.bat
E:\caiwei.lin\github\BK5863N_SDK>del .\Build\Output\Bk5863N.bin 
E:\caiwei.lin\github\BK5863N_SDK>del .\Build\Output\Bk5863N_crc.bin 
E:\caiwei.lin\github\BK5863N_SDK>C:\Keil\ARM\ARMCC\bin\fromelf.exe  .\Build\Output\Bk5863N.axf   --output .\Build\Output\Bk5863N.bin --bin 
E:\caiwei.lin\github\BK5863N_SDK>.\Build\tool\bk5863n_encrypt.exe .\Build\Output\Bk5863N.bin 00000000 00000000 00000000 00000000 
bk5863N & bk5870 calc _crc.bin
 Encrypt Seccessfully! -FileSize: 0x18986
E:\caiwei.lin\github\BK5863N_SDK>copy .\Build\Output\Bk5863N.bin .\Build\Bk5863N.bin 
已复制         1 个文件。
E:\caiwei.lin\github\BK5863N_SDK>copy .\Build\Output\Bk5863N_crc.bin .\Build\Bk5863N_crc.bin 
已复制         1 个文件。
E:\caiwei.lin\github\BK5863N_SDK>copy .\Build\Output\Bk5863N.axf .\Build\Bk5863N.axf 
已复制         1 个文件。
".\Build\Output\Bk5863N.axf" - 0 Error(s), 31 Warning(s).
